
=== 1: Готовность модели ===
py -3.11 -B ../live_checks.py health --base-url http://127.0.0.1:8087 --variant4
--- stdout ---
HTTP 200
JSON: {"model_loaded": true, "status": "ok"}
X-Request-ID: None
Проверка пройдена

--- stderr ---


=== 2: Контрольный прогноз ===
py -3.11 -B ../live_checks.py predict --base-url http://127.0.0.1:8087 --variant4
--- stdout ---
HTTP 200
JSON: {"class_id": 0, "class_name": "setosa", "request_id": "e21f05a0-837f-4ea9-84a0-621ce8f8b0a8"}
X-Request-ID: e21f05a0-837f-4ea9-84a0-621ce8f8b0a8
Проверка пройдена

--- stderr ---


=== 3: Ошибка валидации ===
py -3.11 -B ../live_checks.py error --base-url http://127.0.0.1:8087 --variant4
--- stdout ---
HTTP 422
JSON: {"detail": [{"loc": ["body", "petal_width"], "msg": "Input should be greater than 0", "type": "greater_than"}], "request_id": "e21f05a0-837f-4ea9-84a0-621ce8f8b0a8"}
X-Request-ID: e21f05a0-837f-4ea9-84a0-621ce8f8b0a8
Проверка пройдена

--- stderr ---


=== 4: Паспорт модели ===
py -3.11 -B ../live_checks.py model-info --base-url http://127.0.0.1:8087 --variant4
--- stdout ---
HTTP 200
JSON: {"classes": ["setosa", "versicolor", "virginica"], "feature_count": 4, "model_loaded": true, "model_type": "LogisticRegression"}
X-Request-ID: None
Проверка пройдена

--- stderr ---


=== 5: UUID и журнал ===
py -3.11 -B ../live_checks.py identity --base-url http://127.0.0.1:8087 --variant4 --log-path "C:\Users\user\Desktop\Институт\Магистратура\Разработка и интеграция\.verification\course-20261005\history-draft\Зачёт 09.10.2026\evidence\exam4-20261005-124521\server.log"
--- stdout ---
HTTP 200
JSON: {"class_id": 0, "class_name": "setosa", "request_id": "fe69ff2f-c24c-48bf-829a-79afdad2709b"}
X-Request-ID: fe69ff2f-c24c-48bf-829a-79afdad2709b
Совпадение с журналом: {"event": {"class_name": "setosa", "event": "prediction_completed", "request_id": "fe69ff2f-c24c-48bf-829a-79afdad2709b"}, "matching_events": 1}
Проверка пройдена

--- stderr ---


=== 6: Журнал Uvicorn ===
py -3.11 -B -c "from pathlib import Path; import sys; print(Path(sys.argv[1]).read_text(encoding=\"utf-8\"))" "Зачёт 09.10.2026\evidence\exam4-20261005-124521\server.log"
--- stdout ---
INFO:     Started server process [24900]
INFO:     Waiting for application startup.
INFO:     Application startup complete.
INFO:     Uvicorn running on http://127.0.0.1:8087 (Press CTRL+C to quit)
INFO:     127.0.0.1:49507 - "GET /health HTTP/1.1" 200 OK
INFO:     127.0.0.1:49509 - "GET /health HTTP/1.1" 200 OK
{"event": "prediction_completed", "request_id": "e21f05a0-837f-4ea9-84a0-621ce8f8b0a8", "class_name": "setosa"}
INFO:     127.0.0.1:49511 - "POST /predict HTTP/1.1" 200 OK
{"event": "prediction_rejected", "request_id": "e21f05a0-837f-4ea9-84a0-621ce8f8b0a8", "status_code": 422}
INFO:     127.0.0.1:49512 - "POST /predict HTTP/1.1" 422 Unprocessable Entity
INFO:     127.0.0.1:49513 - "GET /model-info HTTP/1.1" 200 OK
{"event": "prediction_completed", "request_id": "fe69ff2f-c24c-48bf-829a-79afdad2709b", "class_name": "setosa"}
INFO:     127.0.0.1:49515 - "POST /predict HTTP/1.1" 200 OK
INFO:     127.0.0.1:49540 - "GET / HTTP/1.1" 200 OK
INFO:     127.0.0.1:49540 - "GET /model-info HTTP/1.1" 200 OK
INFO:     127.0.0.1:49541 - "GET /health HTTP/1.1" 200 OK
INFO:     127.0.0.1:49540 - "GET /favicon.ico HTTP/1.1" 404 Not Found
{"event": "prediction_completed", "request_id": "4644d938-ec99-47c0-a405-aa85b4b6b18e", "class_name": "setosa"}
INFO:     127.0.0.1:49540 - "POST /predict HTTP/1.1" 200 OK
{"event": "prediction_rejected", "request_id": "848d8cac-4396-4634-937e-71a8a87933fb", "status_code": 422}
INFO:     127.0.0.1:49540 - "POST /predict HTTP/1.1" 422 Unprocessable Entity


--- stderr ---


=== 7: Notebook варианта 4 ===
py -3.11 -B ../check_variant4_notebooks.py --projectpath "C:\Users\user\Desktop\Институт\Магистратура\Разработка и интеграция\.verification\course-20261005\history-draft"
--- stdout ---
source_experiment_updated.ipynb: выполнены 2 проверенные кодовые ячейки
new_functionality.ipynb: выполнены 2 проверенные кодовые ячейки
Паспорт: {"classes": ["setosa", "versicolor", "virginica"], "feature_count": 4, "model_loaded": true, "model_type": "LogisticRegression"}
Контрольный прогноз готовой модели: [{"predicted_class": 0, "predicted_name": "setosa"}]
Событие notebook: {"class_name": "setosa", "event": "prediction_completed", "request_id": "ba21d86c-f148-46a7-828b-57259236cf56"}
Хеши четырёх ячеек совпали; load=1, fit=0, dump=0; models/model.pkl не изменён

--- stderr ---


=== 8: pytest ===
py -3.11 -B -m pytest -q
--- stdout ---
........................................................................ [ 48%]
........................................................................ [ 96%]
.....                                                                    [100%]
149 passed in 15.67s

--- stderr ---

