
=== 1: pytest ===
py -3.11 -B -m pytest -v
--- stdout ---
============================= test session starts =============================
platform win32 -- Python 3.11.9, pytest-8.4.2, pluggy-1.5.0 -- C:\Users\user\AppData\Local\Programs\Python\Python311\python.exe
cachedir: .pytest_cache
rootdir: C:\Users\user\Desktop\Институт\Магистратура\Разработка и интеграция\Семинар 04.09.2026\.verification\sequential-course-20261004\history-draft
configfile: pytest.ini
testpaths: tests
plugins: anyio-4.9.0
collecting ... collected 70 items

tests/test_api.py::test_health_reports_loaded_model PASSED               [  1%]
tests/test_api.py::test_predict_uses_explicit_artifact_before_environment PASSED [  2%]
tests/test_api.py::test_predict_uses_artifact_selected_by_environment PASSED [  4%]
tests/test_api.py::test_predict_with_real_saved_model PASSED             [  5%]
tests/test_api.py::test_json_key_order_does_not_change_model_feature_order PASSED [  7%]
tests/test_api.py::test_predict_rejects_missing_field PASSED             [  8%]
tests/test_api.py::test_predict_rejects_nonnumeric_value[invalid] PASSED [ 10%]
tests/test_api.py::test_predict_rejects_nonnumeric_value[0.2] PASSED     [ 11%]
tests/test_api.py::test_predict_rejects_nonnumeric_value[True] PASSED    [ 12%]
tests/test_api.py::test_predict_accepts_integer_numbers PASSED           [ 14%]
tests/test_api.py::test_predict_rejects_nonpositive_value[zero] PASSED   [ 15%]
tests/test_api.py::test_predict_rejects_nonpositive_value[negative] PASSED [ 17%]
tests/test_api.py::test_predict_rejects_extra_field PASSED               [ 18%]
tests/test_api.py::test_predict_rejects_malformed_json PASSED            [ 20%]
tests/test_api.py::test_predict_rejects_nonfinite_json[NaN] PASSED       [ 21%]
tests/test_api.py::test_predict_rejects_nonfinite_json[Infinity] PASSED  [ 22%]
tests/test_api.py::test_model_is_loaded_once_for_multiple_requests PASSED [ 24%]
tests/test_api.py::test_requests_do_not_fit_estimators PASSED            [ 25%]
tests/test_api.py::test_documentation_and_openapi_expose_request_and_response_contracts PASSED [ 27%]
tests/test_api.py::test_missing_model_fails_during_startup PASSED        [ 28%]
tests/test_evidence_tools.py::test_real_failure_survives_roundtrip_and_render PASSED [ 30%]
tests/test_evidence_tools.py::test_expected_error_is_distinguished_from_success PASSED [ 31%]
tests/test_evidence_tools.py::test_timeout_preserves_partial_output_and_does_not_pass PASSED [ 32%]
tests/test_evidence_tools.py::test_launch_error_is_saved PASSED          [ 34%]
tests/test_evidence_tools.py::test_modified_output_is_rejected_before_html_is_created PASSED [ 35%]
tests/test_evidence_tools.py::test_inconsistent_manifest_cannot_claim_valid_evidence[status] PASSED [ 37%]
tests/test_evidence_tools.py::test_inconsistent_manifest_cannot_claim_valid_evidence[verified_sha] PASSED [ 38%]
tests/test_evidence_tools.py::test_inconsistent_manifest_cannot_claim_valid_evidence[range] PASSED [ 40%]
tests/test_evidence_tools.py::test_inconsistent_manifest_cannot_claim_valid_evidence[time] PASSED [ 41%]
tests/test_evidence_tools.py::test_inconsistent_manifest_cannot_claim_valid_evidence[tracked_clean] PASSED [ 42%]
tests/test_evidence_tools.py::test_dirty_tracked_tree_never_receives_verified_sha PASSED [ 44%]
tests/test_evidence_tools.py::test_provenance_reads_only_tracked_status_metadata PASSED [ 45%]
tests/test_evidence_tools.py::test_excerpt_discloses_omissions_and_hidden_failure PASSED [ 47%]
tests/test_evidence_tools.py::test_wrong_sha_does_not_start_capture PASSED [ 48%]
tests/test_evidence_tools.py::test_imports_do_not_require_browser_dependency_or_create_artifacts PASSED [ 50%]
tests/test_model_service.py::test_model_service_predicts_rows_with_saved_class_names PASSED [ 51%]
tests/test_model_service.py::test_model_service_rejects_invalid_artifact[not_a_bundle] PASSED [ 52%]
tests/test_model_service.py::test_model_service_rejects_invalid_artifact[missing_metadata] PASSED [ 54%]
tests/test_model_service.py::test_model_service_rejects_invalid_artifact[wrong_feature_order] PASSED [ 55%]
tests/test_model_service.py::test_model_service_rejects_invalid_artifact[invalid_class_names] PASSED [ 57%]
tests/test_model_service.py::test_model_service_rejects_invalid_artifact[missing_predict_method] PASSED [ 58%]
tests/test_model_service.py::test_model_service_reports_missing_artifact PASSED [ 60%]
tests/test_model_service.py::test_model_service_rejects_class_without_metadata PASSED [ 61%]
tests/test_output_format.py::test_json_format_preserves_predictions_and_integer_classes[default] PASSED [ 62%]
tests/test_output_format.py::test_json_format_preserves_predictions_and_integer_classes[explicit] PASSED [ 64%]
tests/test_output_format.py::test_text_format_preserves_multiple_predictions_in_order PASSED [ 65%]
tests/test_output_format.py::test_unknown_output_format_is_rejected PASSED [ 67%]
tests/test_output_format.py::test_format_does_not_mutate_predictions[json] PASSED [ 68%]
tests/test_output_format.py::test_format_does_not_mutate_predictions[text] PASSED [ 70%]
tests/test_output_format.py::test_cli_explicit_json_matches_default PASSED [ 71%]
tests/test_output_format.py::test_cli_text_contains_one_line_per_prediction PASSED [ 72%]
tests/test_output_format.py::test_cli_rejects_unknown_output_format PASSED [ 74%]
tests/test_predict.py::test_read_features_returns_canonical_feature_order[multiple_rows] PASSED [ 75%]
tests/test_predict.py::test_read_features_returns_canonical_feature_order[reordered_columns] PASSED [ 77%]
tests/test_predict.py::test_read_features_returns_canonical_feature_order[trailing_blank_line] PASSED [ 78%]
tests/test_predict.py::test_read_features_rejects_invalid_input[empty_input] PASSED [ 80%]
tests/test_predict.py::test_read_features_rejects_invalid_input[no_data_rows] PASSED [ 81%]
tests/test_predict.py::test_read_features_rejects_invalid_input[missing_column] PASSED [ 82%]
tests/test_predict.py::test_read_features_rejects_invalid_input[duplicate_column] PASSED [ 84%]
tests/test_predict.py::test_read_features_rejects_invalid_input[extra_column] PASSED [ 85%]
tests/test_predict.py::test_read_features_rejects_invalid_input[short_row] PASSED [ 87%]
tests/test_predict.py::test_read_features_rejects_invalid_input[long_row] PASSED [ 88%]
tests/test_predict.py::test_read_features_rejects_invalid_input[empty_value] PASSED [ 90%]
tests/test_predict.py::test_read_features_rejects_invalid_input[nonnumeric_value] PASSED [ 91%]
tests/test_predict.py::test_read_features_rejects_invalid_input[nan] PASSED [ 92%]
tests/test_predict.py::test_read_features_rejects_invalid_input[infinities] PASSED [ 94%]
tests/test_predict.py::test_saved_model_predicts_sample_without_fitting PASSED [ 95%]
tests/test_predict.py::test_predict_cli_finds_default_input_from_another_directory PASSED [ 97%]
tests/test_predict.py::test_predict_cli_reports_missing_model_without_traceback PASSED [ 98%]
tests/test_predict.py::test_train_cli_saves_requested_model_from_another_directory PASSED [100%]

============================= 70 passed in 13.41s =============================

--- stderr ---

