
=== 1: Workflow main ===
py -3.11 -B ../github_checks.py --run-id 37227659252 --sha aa2034da76c590e8305b08b1b8f32616db11c0a9 --summary
--- stdout ---
Workflow: delivery.yaml | Run: 37227659252
https://github.com/Kirill-Erofeev/development-and-integration-labs/actions/runs/37227659252
SHA: aa2034da76c590e8305b08b1b8f32616db11c0a9
Ветка: main | Событие: workflow_dispatch
Запуск: completed / success
Job build: completed / success
Job smoke_api_tests_stub: completed / success
Job docs_checks: completed / success
Job deploy_dry_run: completed / success

--- stderr ---
run=37227659252 completed success
Проверено: deploy_dry_run=success


=== 2: Доставка, smoke и rollback ===
py -3.11 -B ../github_delivery_log.py --run-id 37227659252 --output "C:\Users\user\Desktop\Институт\Магистратура\Разработка и интеграция\Семинар 04.09.2026\.verification\sequential-course-20261004\history-draft\.verification\delivery-main-37227659252.log"
--- stdout ---
Учебная доставка: команды ниже действительно напечатаны workflow, но не исполнялись на сервере.
Run: 37227659252

Print deploy commands:
Dry run: the following commands are printed only.
docker pull registry.example.invalid/ml-api:test-aa2034da76c590e8305b08b1b8f32616db11c0a9
docker stop ml-api-test || true
docker rm ml-api-test || true
docker run -d --name ml-api-test -p 127.0.0.1:8080:8000 -e ML_MODEL_PATH=/app/models/model.pkl registry.example.invalid/ml-api:test-aa2034da76c590e8305b08b1b8f32616db11c0a9

Print smoke test commands:
curl --fail-with-body --max-time 10 http://127.0.0.1:8080/health
curl --fail-with-body --max-time 10 -X POST http://127.0.0.1:8080/predict -H 'Content-Type: application/json' --data '{"sepal_length":5.1,"sepal_width":3.5,"petal_length":1.4,"petal_width":0.2}'

Print rollback commands:
Dry run: if smoke checks failed, restore the previous verified version.
docker pull registry.example.invalid/ml-api:previous-stable
docker stop ml-api-test || true
docker rm ml-api-test || true
docker run -d --name ml-api-test -p 127.0.0.1:8080:8000 -e ML_MODEL_PATH=/app/models/model.pkl registry.example.invalid/ml-api:previous-stable
curl --fail-with-body --max-time 10 http://127.0.0.1:8080/health

Полный журнал: C:\Users\user\Desktop\Институт\Магистратура\Разработка и интеграция\Семинар 04.09.2026\.verification\sequential-course-20261004\history-draft\.verification\delivery-main-37227659252.log

--- stderr ---


=== 3: Workflow feature ===
py -3.11 -B ../github_checks.py --run-id 37227661636 --sha 5af97bcfa7c99260617b601b6073472425b5a078 --summary --steps
--- stdout ---
Workflow: delivery.yaml | Run: 37227661636
https://github.com/Kirill-Erofeev/development-and-integration-labs/actions/runs/37227661636
SHA: 5af97bcfa7c99260617b601b6073472425b5a078
Ветка: course/lab-08-delivery | Событие: workflow_dispatch
Запуск: completed / success
Job build: completed / success
  Step Set image tag: completed / success
Job docs_checks: completed / success
  Step Check out repository: completed / success
  Step Check README exists: completed / success
Job smoke_api_tests_stub: completed / success
  Step Print proposed API checks: completed / success
Job deploy_dry_run: completed / skipped

--- stderr ---
run=37227661636 completed success
Проверено: deploy_dry_run=skipped

